|0x08
<NAME>
|0x0D
<BR>
|0x10
。
ゃ
ゅ
ょ
『
』
◯
〜
０
ャ
ュ
ョ
「
」
ｘ
|0x20
あ
い
う
え
お
か
き
く
け
こ
さ
し
す
せ
そ
た
ち
つ
て
と
な
に
ぬ
ね
の
は
ひ
ふ
へ
ほ
ま
み
む
め
も
や
ゆ
よ
ら
り
る
れ
ろ
わ
を
ん
が
ぎ
ぐ
げ
ご
ざ
じ
ず
ぜ
ぞ
だ
１
づ
で
ど
ば
び
ぶ
べ
ぼ
ぱ
２
ぷ
ぺ
ぽ
ぁ
ぃ
ぅ
ぇ
ぉ
っ
　
ー
〒
ア
イ
ウ
エ
オ
カ
キ
ク
ケ
コ
サ
シ
ス
セ
ソ
タ
|0xA0
チ
ツ
テ
ト
ナ
ニ
ヌ
ネ
ノ
ハ
ヒ
フ
ヘ
ホ
マ
ミ
ム
メ
モ
ヤ
ユ
ヨ
ラ
リ
ル
レ
ロ
ワ
ヲ
ン
ガ
ギ
グ
ゲ
ゴ
ザ
ジ
ズ
ゼ
ゾ
ダ
３
（
デ
ド
バ
ビ
ブ
ベ
ボ
パ
ピ
プ
ペ
ポ
ァ
ィ
）
ェ
ォ
ッ
?
!
…
|0x8140
 
、
`。
|0x8143
,
.
|0x8145
・
|0x8163
‥
|0x816D
[
]
|0x817C
―
|0x8180
÷
＝
≠
＜
＞
≦
≧
∞
∴
♂
♀
°
′
″
℃
￥
＄
￠
￡
％
＃
＆
＊
＠
§
☆
★
○
●
◎
◇
|0x824F
0
1
2
3
4
5
6
7
8
9
|0x8260
A
B
C
D
E
F
G
H
I
J
K
L
M
N
O
P
Q
R
S
T
U
V
W
X
Y
Z
|0x8281
a
b
c
d
e
f
g
h
i
j
k
l
m
n
o
p
q
r
s
t
u
v
w
x
y
z
|0x82A0
`あ
`ぃ
`い
`ぅ
`う
`ぇ
`え
`ぉ
`お
`か
`が
`き
`ぎ
`く
`ぐ
`け
`げ
`こ
`ご
`さ
`ざ
`し
`じ
`す
`ず
`せ
`ぜ
`そ
`ぞ
`た
`だ
`ち
`ぢ
`っ
`つ
`づ
`て
`で
`と
`ど
`な
`に
`ぬ
`ね
`の
`は
`ば
`ぱ
`ひ
`び
`ぴ
`ふ
`ぶ
`ぷ
`へ
`べ
`ぺ
`ほ
`ぼ
`ぽ
`ま
`み
`む
`め
`も
`ゃ
`や
`ゅ
`ゆ
`ょ
`よ
`ら
`り
`る
`れ
`ろ
`ゎ
`わ
`ゐ
`ゑ
`を
`ん
|0x8340
`ァ
`ア
`ィ
`イ
`ゥ
`ウ
`ェ
`エ
`ォ
`オ
`カ
`ガ
`キ
`ギ
`ク
`グ
`ケ
`ゲ
`コ
`ゴ
`サ
`ザ
`シ
`ジ
`ス
`ズ
`セ
`ゼ
`ソ
`ゾ
`タ
`ダ
`チ
`ヂ
`ッ
`ツ
`ヅ
`テ
`デ
`ト
`ド
`ナ
`ニ
`ヌ
`ネ
`ノ
`ハ
`バ
`パ
`ヒ
`ビ
`ピ
`フ
`ブ
`プ
`ヘ
`ベ
`ペ
`ホ
`ボ
`ポ
`マ
`ミ
|0x8380
`ム
`メ
`モ
`ャ
`ヤ
`ュ
`ユ
`ョ
`ヨ
`ラ
`リ
`ル
`レ
`ロ
`ヮ
`ワ
`ヰ
`ヱ
`ヲ
`ン
ヴ
ヵ
ヶ